
Now, I test git demo
test conflict
Now, I test git demo
here're conflic t

